--- 
http_interactions: 
- request: 
    method: get
    uri: https://stagehub.p2c.com/sites/all/modules/civicrm/extern/rest.php?action=get&api_key=676c3fcae94c0a6c452417a11b2b7c11&entity=Survey&id=11&json=1&key=382adce875611f9b75d294b83a77a5f2&rowCount=1
    body: 
      encoding: US-ASCII
      string: ""
    headers: 
      Accept: 
      - "*/*; q=0.5, application/xml"
      Accept-Encoding: 
      - gzip, deflate
      User-Agent: 
      - CiviCrm RubyClient/1.0.1
  response: 
    status: 
      code: 200
      message: OK
    headers: 
      Date: 
      - Wed, 14 Aug 2013 16:02:43 GMT
      Server: 
      - Apache/2.2.22 (Ubuntu)
      X-Powered-By: 
      - PHP/5.4.6-1ubuntu1.2
      X-Drupal-Cache: 
      - MISS
      Expires: 
      - Sun, 19 Nov 1978 05:00:00 GMT
      Last-Modified: 
      - Wed, 14 Aug 2013 16:02:43 +0000
      Cache-Control: 
      - no-cache, must-revalidate, post-check=0, pre-check=0
      Etag: 
      - "\"1376496163\""
      Content-Length: 
      - "322"
      Content-Type: 
      - text/javascript
    body: 
      encoding: US-ASCII
      string: "{\"is_error\":0,\"version\":3,\"count\":1,\"id\":11,\"values\":{\"11\":{\"id\":\"11\",\"title\":\"Power survey - July21-1\",\"campaign_id\":\"8\",\"activity_type_id\":\"32\",\"is_active\":\"1\",\"is_default\":\"0\",\"created_id\":\"1\",\"created_date\":\"2013-07-20 23:53:31\",\"last_modified_id\":\"1\",\"last_modified_date\":\"2013-07-20 23:53:31\",\"bypass_confirm\":\"0\"}}}"
    http_version: 
  recorded_at: Wed, 14 Aug 2013 16:00:56 GMT
- request: 
    method: get
    uri: https://stagehub.p2c.com/sites/all/modules/civicrm/extern/rest.php?action=get&api_key=676c3fcae94c0a6c452417a11b2b7c11&entity=CustomSurveyFields&json=1&key=382adce875611f9b75d294b83a77a5f2&rowCount=1000&survey_id=11
    body: 
      encoding: US-ASCII
      string: ""
    headers: 
      Accept: 
      - "*/*; q=0.5, application/xml"
      Accept-Encoding: 
      - gzip, deflate
      User-Agent: 
      - CiviCrm RubyClient/1.0.1
  response: 
    status: 
      code: 200
      message: OK
    headers: 
      Date: 
      - Wed, 14 Aug 2013 16:02:43 GMT
      Server: 
      - Apache/2.2.22 (Ubuntu)
      X-Powered-By: 
      - PHP/5.4.6-1ubuntu1.2
      X-Drupal-Cache: 
      - MISS
      Expires: 
      - Sun, 19 Nov 1978 05:00:00 GMT
      Last-Modified: 
      - Wed, 14 Aug 2013 16:02:43 +0000
      Cache-Control: 
      - no-cache, must-revalidate, post-check=0, pre-check=0
      Etag: 
      - "\"1376496163\""
      Content-Length: 
      - "2553"
      Content-Type: 
      - text/javascript
    body: 
      encoding: US-ASCII
      string: "{\"is_error\":0,\"version\":3,\"count\":16,\"values\":[{\"activity_type_id\":\"32\",\"campaign_id\":\"8\",\"survey_id\":\"11\",\"entity_type\":\"customgroup\",\"custom_group_id\":\"18\",\"custom_field_id\":\"149\",\"field_name\":\"custom_149\"},{\"activity_type_id\":\"32\",\"campaign_id\":\"8\",\"survey_id\":\"11\",\"entity_type\":\"customgroup\",\"custom_group_id\":\"22\",\"custom_field_id\":\"155\",\"field_name\":\"custom_155\"},{\"activity_type_id\":\"32\",\"campaign_id\":\"8\",\"survey_id\":\"11\",\"entity_type\":\"customgroup\",\"custom_group_id\":\"22\",\"custom_field_id\":\"156\",\"field_name\":\"custom_156\"},{\"activity_type_id\":\"32\",\"campaign_id\":\"8\",\"survey_id\":\"11\",\"entity_type\":\"customgroup\",\"custom_group_id\":\"22\",\"custom_field_id\":\"157\",\"field_name\":\"custom_157\"},{\"activity_type_id\":\"32\",\"campaign_id\":\"8\",\"survey_id\":\"11\",\"entity_type\":\"customgroup\",\"custom_group_id\":\"22\",\"custom_field_id\":\"159\",\"field_name\":\"custom_159\"},{\"activity_type_id\":\"32\",\"campaign_id\":\"8\",\"survey_id\":\"11\",\"entity_type\":\"activity\",\"custom_group_id\":\"\",\"custom_field_id\":\"\",\"field_name\":\"details\"},{\"activity_type_id\":\"32\",\"campaign_id\":\"8\",\"survey_id\":\"11\",\"entity_type\":\"contact\",\"custom_group_id\":\"\",\"custom_field_id\":\"\",\"field_name\":\"first_name\"},{\"activity_type_id\":\"32\",\"campaign_id\":\"8\",\"survey_id\":\"11\",\"entity_type\":\"contact\",\"custom_group_id\":\"\",\"custom_field_id\":\"\",\"field_name\":\"last_name\"},{\"activity_type_id\":\"32\",\"campaign_id\":\"8\",\"survey_id\":\"11\",\"entity_type\":\"contact\",\"custom_group_id\":\"\",\"custom_field_id\":\"\",\"field_name\":\"gender_id\"},{\"activity_type_id\":\"32\",\"campaign_id\":\"8\",\"survey_id\":\"11\",\"entity_type\":\"customgroup\",\"custom_group_id\":\"7\",\"custom_field_id\":\"57\",\"field_name\":\"custom_57\"},{\"activity_type_id\":\"32\",\"campaign_id\":\"8\",\"survey_id\":\"11\",\"entity_type\":\"customgroup\",\"custom_group_id\":\"7\",\"custom_field_id\":\"58\",\"field_name\":\"custom_58\"},{\"activity_type_id\":\"32\",\"campaign_id\":\"8\",\"survey_id\":\"11\",\"entity_type\":\"customgroup\",\"custom_group_id\":\"7\",\"custom_field_id\":\"59\",\"field_name\":\"custom_59\"},{\"activity_type_id\":\"32\",\"campaign_id\":\"8\",\"survey_id\":\"11\",\"entity_type\":\"customgroup\",\"custom_group_id\":\"7\",\"custom_field_id\":\"60\",\"field_name\":\"custom_60\"},{\"activity_type_id\":\"32\",\"campaign_id\":\"8\",\"survey_id\":\"11\",\"entity_type\":\"customgroup\",\"custom_group_id\":\"7\",\"custom_field_id\":\"61\",\"field_name\":\"custom_61\"},{\"activity_type_id\":\"32\",\"campaign_id\":\"8\",\"survey_id\":\"11\",\"entity_type\":\"phone\",\"custom_group_id\":\"\",\"custom_field_id\":\"\",\"field_name\":\"phone\"},{\"activity_type_id\":\"32\",\"campaign_id\":\"8\",\"survey_id\":\"11\",\"entity_type\":\"email\",\"custom_group_id\":\"\",\"custom_field_id\":\"\",\"field_name\":\"email\"}]}"
    http_version: 
  recorded_at: Wed, 14 Aug 2013 16:00:57 GMT
- request: 
    method: get
    uri: https://stagehub.p2c.com/sites/all/modules/civicrm/extern/rest.php?action=get&api_key=676c3fcae94c0a6c452417a11b2b7c11&entity=CustomField&id=149&json=1&key=382adce875611f9b75d294b83a77a5f2&rowCount=1
    body: 
      encoding: US-ASCII
      string: ""
    headers: 
      Accept: 
      - "*/*; q=0.5, application/xml"
      Accept-Encoding: 
      - gzip, deflate
      User-Agent: 
      - CiviCrm RubyClient/1.0.1
  response: 
    status: 
      code: 200
      message: OK
    headers: 
      Date: 
      - Wed, 14 Aug 2013 16:02:44 GMT
      Server: 
      - Apache/2.2.22 (Ubuntu)
      X-Powered-By: 
      - PHP/5.4.6-1ubuntu1.2
      X-Drupal-Cache: 
      - MISS
      Expires: 
      - Sun, 19 Nov 1978 05:00:00 GMT
      Last-Modified: 
      - Wed, 14 Aug 2013 16:02:44 +0000
      Cache-Control: 
      - no-cache, must-revalidate, post-check=0, pre-check=0
      Etag: 
      - "\"1376496164\""
      Content-Length: 
      - "407"
      Content-Type: 
      - text/javascript
    body: 
      encoding: US-ASCII
      string: "{\"is_error\":0,\"version\":3,\"count\":1,\"id\":149,\"values\":{\"149\":{\"id\":\"149\",\"custom_group_id\":\"18\",\"name\":\"I_would_rather\",\"label\":\"I would rather\",\"data_type\":\"String\",\"html_type\":\"Radio\",\"is_required\":\"0\",\"is_searchable\":\"0\",\"is_search_range\":\"0\",\"weight\":\"10\",\"is_active\":\"1\",\"is_view\":\"0\",\"text_length\":\"255\",\"note_columns\":\"60\",\"note_rows\":\"4\",\"column_name\":\"i_would_rather_149\",\"option_group_id\":\"127\"}}}"
    http_version: 
  recorded_at: Wed, 14 Aug 2013 16:00:57 GMT
- request: 
    method: get
    uri: https://stagehub.p2c.com/sites/all/modules/civicrm/extern/rest.php?action=get&api_key=676c3fcae94c0a6c452417a11b2b7c11&entity=CustomField&id=155&json=1&key=382adce875611f9b75d294b83a77a5f2&rowCount=1
    body: 
      encoding: US-ASCII
      string: ""
    headers: 
      Accept: 
      - "*/*; q=0.5, application/xml"
      Accept-Encoding: 
      - gzip, deflate
      User-Agent: 
      - CiviCrm RubyClient/1.0.1
  response: 
    status: 
      code: 200
      message: OK
    headers: 
      Date: 
      - Wed, 14 Aug 2013 16:02:44 GMT
      Server: 
      - Apache/2.2.22 (Ubuntu)
      X-Powered-By: 
      - PHP/5.4.6-1ubuntu1.2
      X-Drupal-Cache: 
      - MISS
      Expires: 
      - Sun, 19 Nov 1978 05:00:00 GMT
      Last-Modified: 
      - Wed, 14 Aug 2013 16:02:44 +0000
      Cache-Control: 
      - no-cache, must-revalidate, post-check=0, pre-check=0
      Etag: 
      - "\"1376496164\""
      Content-Length: 
      - "423"
      Content-Type: 
      - text/javascript
    body: 
      encoding: US-ASCII
      string: "{\"is_error\":0,\"version\":3,\"count\":1,\"id\":155,\"values\":{\"155\":{\"id\":\"155\",\"custom_group_id\":\"22\",\"name\":\"MyCravings_Magazine\",\"label\":\"MyCravings - Magazine\",\"data_type\":\"String\",\"html_type\":\"Radio\",\"is_required\":\"0\",\"is_searchable\":\"0\",\"is_search_range\":\"0\",\"weight\":\"4\",\"is_active\":\"1\",\"is_view\":\"0\",\"text_length\":\"255\",\"note_columns\":\"60\",\"note_rows\":\"4\",\"column_name\":\"mycravings_magazine_155\",\"option_group_id\":\"107\"}}}"
    http_version: 
  recorded_at: Wed, 14 Aug 2013 16:00:58 GMT
- request: 
    method: get
    uri: https://stagehub.p2c.com/sites/all/modules/civicrm/extern/rest.php?action=get&api_key=676c3fcae94c0a6c452417a11b2b7c11&entity=CustomField&id=156&json=1&key=382adce875611f9b75d294b83a77a5f2&rowCount=1
    body: 
      encoding: US-ASCII
      string: ""
    headers: 
      Accept: 
      - "*/*; q=0.5, application/xml"
      Accept-Encoding: 
      - gzip, deflate
      User-Agent: 
      - CiviCrm RubyClient/1.0.1
  response: 
    status: 
      code: 200
      message: OK
    headers: 
      Date: 
      - Wed, 14 Aug 2013 16:02:45 GMT
      Server: 
      - Apache/2.2.22 (Ubuntu)
      X-Powered-By: 
      - PHP/5.4.6-1ubuntu1.2
      X-Drupal-Cache: 
      - MISS
      Expires: 
      - Sun, 19 Nov 1978 05:00:00 GMT
      Last-Modified: 
      - Wed, 14 Aug 2013 16:02:45 +0000
      Cache-Control: 
      - no-cache, must-revalidate, post-check=0, pre-check=0
      Etag: 
      - "\"1376496165\""
      Content-Length: 
      - "420"
      Content-Type: 
      - text/javascript
    body: 
      encoding: US-ASCII
      string: "{\"is_error\":0,\"version\":3,\"count\":1,\"id\":156,\"values\":{\"156\":{\"id\":\"156\",\"custom_group_id\":\"22\",\"name\":\"MyCravings_Journey\",\"label\":\"MyCravings - Journey\",\"data_type\":\"String\",\"html_type\":\"Radio\",\"is_required\":\"0\",\"is_searchable\":\"0\",\"is_search_range\":\"0\",\"weight\":\"6\",\"is_active\":\"1\",\"is_view\":\"0\",\"text_length\":\"255\",\"note_columns\":\"60\",\"note_rows\":\"4\",\"column_name\":\"mycravings_journey_156\",\"option_group_id\":\"109\"}}}"
    http_version: 
  recorded_at: Wed, 14 Aug 2013 16:00:58 GMT
- request: 
    method: get
    uri: https://stagehub.p2c.com/sites/all/modules/civicrm/extern/rest.php?action=get&api_key=676c3fcae94c0a6c452417a11b2b7c11&entity=CustomField&id=157&json=1&key=382adce875611f9b75d294b83a77a5f2&rowCount=1
    body: 
      encoding: US-ASCII
      string: ""
    headers: 
      Accept: 
      - "*/*; q=0.5, application/xml"
      Accept-Encoding: 
      - gzip, deflate
      User-Agent: 
      - CiviCrm RubyClient/1.0.1
  response: 
    status: 
      code: 200
      message: OK
    headers: 
      Date: 
      - Wed, 14 Aug 2013 16:02:46 GMT
      Server: 
      - Apache/2.2.22 (Ubuntu)
      X-Powered-By: 
      - PHP/5.4.6-1ubuntu1.2
      X-Drupal-Cache: 
      - MISS
      Expires: 
      - Sun, 19 Nov 1978 05:00:00 GMT
      Last-Modified: 
      - Wed, 14 Aug 2013 16:02:46 +0000
      Cache-Control: 
      - no-cache, must-revalidate, post-check=0, pre-check=0
      Etag: 
      - "\"1376496166\""
      Content-Length: 
      - "414"
      Content-Type: 
      - text/javascript
    body: 
      encoding: US-ASCII
      string: "{\"is_error\":0,\"version\":3,\"count\":1,\"id\":157,\"values\":{\"157\":{\"id\":\"157\",\"custom_group_id\":\"22\",\"name\":\"MyCravings_Gauge\",\"label\":\"MyCravings - Gauge\",\"data_type\":\"String\",\"html_type\":\"Radio\",\"is_required\":\"0\",\"is_searchable\":\"0\",\"is_search_range\":\"0\",\"weight\":\"8\",\"is_active\":\"1\",\"is_view\":\"0\",\"text_length\":\"255\",\"note_columns\":\"60\",\"note_rows\":\"4\",\"column_name\":\"mycravings_gauge_157\",\"option_group_id\":\"108\"}}}"
    http_version: 
  recorded_at: Wed, 14 Aug 2013 16:00:59 GMT
- request: 
    method: get
    uri: https://stagehub.p2c.com/sites/all/modules/civicrm/extern/rest.php?action=get&api_key=676c3fcae94c0a6c452417a11b2b7c11&entity=CustomField&id=159&json=1&key=382adce875611f9b75d294b83a77a5f2&rowCount=1
    body: 
      encoding: US-ASCII
      string: ""
    headers: 
      Accept: 
      - "*/*; q=0.5, application/xml"
      Accept-Encoding: 
      - gzip, deflate
      User-Agent: 
      - CiviCrm RubyClient/1.0.1
  response: 
    status: 
      code: 200
      message: OK
    headers: 
      Date: 
      - Wed, 14 Aug 2013 16:02:46 GMT
      Server: 
      - Apache/2.2.22 (Ubuntu)
      X-Powered-By: 
      - PHP/5.4.6-1ubuntu1.2
      X-Drupal-Cache: 
      - MISS
      Expires: 
      - Sun, 19 Nov 1978 05:00:00 GMT
      Last-Modified: 
      - Wed, 14 Aug 2013 16:02:46 +0000
      Cache-Control: 
      - no-cache, must-revalidate, post-check=0, pre-check=0
      Etag: 
      - "\"1376496166\""
      Content-Length: 
      - "413"
      Content-Type: 
      - text/javascript
    body: 
      encoding: US-ASCII
      string: "{\"is_error\":0,\"version\":3,\"count\":1,\"id\":159,\"values\":{\"159\":{\"id\":\"159\",\"custom_group_id\":\"22\",\"name\":\"MyCravings_Data_inputter\",\"label\":\"MyCravings - Data inputter\",\"data_type\":\"String\",\"html_type\":\"Text\",\"is_required\":\"0\",\"is_searchable\":\"0\",\"is_search_range\":\"0\",\"weight\":\"9\",\"is_active\":\"1\",\"is_view\":\"0\",\"text_length\":\"255\",\"note_columns\":\"60\",\"note_rows\":\"4\",\"column_name\":\"mycravings_data_inputter_159\"}}}"
    http_version: 
  recorded_at: Wed, 14 Aug 2013 16:00:59 GMT
- request: 
    method: get
    uri: https://stagehub.p2c.com/sites/all/modules/civicrm/extern/rest.php?action=get&api_key=676c3fcae94c0a6c452417a11b2b7c11&entity=CustomField&id=57&json=1&key=382adce875611f9b75d294b83a77a5f2&rowCount=1
    body: 
      encoding: US-ASCII
      string: ""
    headers: 
      Accept: 
      - "*/*; q=0.5, application/xml"
      Accept-Encoding: 
      - gzip, deflate
      User-Agent: 
      - CiviCrm RubyClient/1.0.1
  response: 
    status: 
      code: 200
      message: OK
    headers: 
      Date: 
      - Wed, 14 Aug 2013 16:02:46 GMT
      Server: 
      - Apache/2.2.22 (Ubuntu)
      X-Powered-By: 
      - PHP/5.4.6-1ubuntu1.2
      X-Drupal-Cache: 
      - MISS
      Expires: 
      - Sun, 19 Nov 1978 05:00:00 GMT
      Last-Modified: 
      - Wed, 14 Aug 2013 16:02:46 +0000
      Cache-Control: 
      - no-cache, must-revalidate, post-check=0, pre-check=0
      Etag: 
      - "\"1376496166\""
      Content-Length: 
      - "425"
      Content-Type: 
      - text/javascript
    body: 
      encoding: US-ASCII
      string: "{\"is_error\":0,\"version\":3,\"count\":1,\"id\":57,\"values\":{\"57\":{\"id\":\"57\",\"custom_group_id\":\"7\",\"name\":\"Year_in_School\",\"label\":\"Year in School\",\"data_type\":\"String\",\"html_type\":\"Radio\",\"is_required\":\"0\",\"is_searchable\":\"1\",\"is_search_range\":\"0\",\"weight\":\"37\",\"is_active\":\"1\",\"is_view\":\"0\",\"options_per_line\":\"6\",\"text_length\":\"255\",\"note_columns\":\"60\",\"note_rows\":\"4\",\"column_name\":\"year_in_school_57\",\"option_group_id\":\"102\"}}}"
    http_version: 
  recorded_at: Wed, 14 Aug 2013 16:01:00 GMT
- request: 
    method: get
    uri: https://stagehub.p2c.com/sites/all/modules/civicrm/extern/rest.php?action=get&api_key=676c3fcae94c0a6c452417a11b2b7c11&entity=CustomField&id=58&json=1&key=382adce875611f9b75d294b83a77a5f2&rowCount=1
    body: 
      encoding: US-ASCII
      string: ""
    headers: 
      Accept: 
      - "*/*; q=0.5, application/xml"
      Accept-Encoding: 
      - gzip, deflate
      User-Agent: 
      - CiviCrm RubyClient/1.0.1
  response: 
    status: 
      code: 200
      message: OK
    headers: 
      Date: 
      - Wed, 14 Aug 2013 16:02:47 GMT
      Server: 
      - Apache/2.2.22 (Ubuntu)
      X-Powered-By: 
      - PHP/5.4.6-1ubuntu1.2
      X-Drupal-Cache: 
      - MISS
      Expires: 
      - Sun, 19 Nov 1978 05:00:00 GMT
      Last-Modified: 
      - Wed, 14 Aug 2013 16:02:47 +0000
      Cache-Control: 
      - no-cache, must-revalidate, post-check=0, pre-check=0
      Etag: 
      - "\"1376496167\""
      Content-Length: 
      - "369"
      Content-Type: 
      - text/javascript
    body: 
      encoding: US-ASCII
      string: "{\"is_error\":0,\"version\":3,\"count\":1,\"id\":58,\"values\":{\"58\":{\"id\":\"58\",\"custom_group_id\":\"7\",\"name\":\"Year__Other\",\"label\":\"Year - Other\",\"data_type\":\"String\",\"html_type\":\"Text\",\"is_required\":\"0\",\"is_searchable\":\"1\",\"is_search_range\":\"0\",\"weight\":\"47\",\"is_active\":\"1\",\"is_view\":\"0\",\"text_length\":\"255\",\"note_columns\":\"60\",\"note_rows\":\"4\",\"column_name\":\"year__other_58\"}}}"
    http_version: 
  recorded_at: Wed, 14 Aug 2013 16:01:00 GMT
- request: 
    method: get
    uri: https://stagehub.p2c.com/sites/all/modules/civicrm/extern/rest.php?action=get&api_key=676c3fcae94c0a6c452417a11b2b7c11&entity=CustomField&id=59&json=1&key=382adce875611f9b75d294b83a77a5f2&rowCount=1
    body: 
      encoding: US-ASCII
      string: ""
    headers: 
      Accept: 
      - "*/*; q=0.5, application/xml"
      Accept-Encoding: 
      - gzip, deflate
      User-Agent: 
      - CiviCrm RubyClient/1.0.1
  response: 
    status: 
      code: 200
      message: OK
    headers: 
      Date: 
      - Wed, 14 Aug 2013 16:02:48 GMT
      Server: 
      - Apache/2.2.22 (Ubuntu)
      X-Powered-By: 
      - PHP/5.4.6-1ubuntu1.2
      X-Drupal-Cache: 
      - MISS
      Expires: 
      - Sun, 19 Nov 1978 05:00:00 GMT
      Last-Modified: 
      - Wed, 14 Aug 2013 16:02:48 +0000
      Cache-Control: 
      - no-cache, must-revalidate, post-check=0, pre-check=0
      Etag: 
      - "\"1376496168\""
      Content-Length: 
      - "394"
      Content-Type: 
      - text/javascript
    body: 
      encoding: US-ASCII
      string: "{\"is_error\":0,\"version\":3,\"count\":1,\"id\":59,\"values\":{\"59\":{\"id\":\"59\",\"custom_group_id\":\"7\",\"name\":\"Faculty_or_Degree\",\"label\":\"Faculty or Degree (Major)\",\"data_type\":\"String\",\"html_type\":\"Text\",\"is_required\":\"0\",\"is_searchable\":\"1\",\"is_search_range\":\"0\",\"weight\":\"55\",\"is_active\":\"1\",\"is_view\":\"0\",\"text_length\":\"255\",\"note_columns\":\"60\",\"note_rows\":\"4\",\"column_name\":\"faculty_or_degree_59\"}}}"
    http_version: 
  recorded_at: Wed, 14 Aug 2013 16:01:01 GMT
- request: 
    method: get
    uri: https://stagehub.p2c.com/sites/all/modules/civicrm/extern/rest.php?action=get&api_key=676c3fcae94c0a6c452417a11b2b7c11&entity=CustomField&id=60&json=1&key=382adce875611f9b75d294b83a77a5f2&rowCount=1
    body: 
      encoding: US-ASCII
      string: ""
    headers: 
      Accept: 
      - "*/*; q=0.5, application/xml"
      Accept-Encoding: 
      - gzip, deflate
      User-Agent: 
      - CiviCrm RubyClient/1.0.1
  response: 
    status: 
      code: 200
      message: OK
    headers: 
      Date: 
      - Wed, 14 Aug 2013 16:02:48 GMT
      Server: 
      - Apache/2.2.22 (Ubuntu)
      X-Powered-By: 
      - PHP/5.4.6-1ubuntu1.2
      X-Drupal-Cache: 
      - MISS
      Expires: 
      - Sun, 19 Nov 1978 05:00:00 GMT
      Last-Modified: 
      - Wed, 14 Aug 2013 16:02:48 +0000
      Cache-Control: 
      - no-cache, must-revalidate, post-check=0, pre-check=0
      Etag: 
      - "\"1376496168\""
      Content-Length: 
      - "392"
      Content-Type: 
      - text/javascript
    body: 
      encoding: US-ASCII
      string: "{\"is_error\":0,\"version\":3,\"count\":1,\"id\":60,\"values\":{\"60\":{\"id\":\"60\",\"custom_group_id\":\"7\",\"name\":\"On_Campus_Residence\",\"label\":\"On Campus Residence\",\"data_type\":\"String\",\"html_type\":\"Text\",\"is_required\":\"0\",\"is_searchable\":\"1\",\"is_search_range\":\"0\",\"weight\":\"64\",\"is_active\":\"1\",\"is_view\":\"0\",\"text_length\":\"255\",\"note_columns\":\"60\",\"note_rows\":\"4\",\"column_name\":\"on_campus_residence_60\"}}}"
    http_version: 
  recorded_at: Wed, 14 Aug 2013 16:01:01 GMT
- request: 
    method: get
    uri: https://stagehub.p2c.com/sites/all/modules/civicrm/extern/rest.php?action=get&api_key=676c3fcae94c0a6c452417a11b2b7c11&entity=CustomField&id=61&json=1&key=382adce875611f9b75d294b83a77a5f2&rowCount=1
    body: 
      encoding: US-ASCII
      string: ""
    headers: 
      Accept: 
      - "*/*; q=0.5, application/xml"
      Accept-Encoding: 
      - gzip, deflate
      User-Agent: 
      - CiviCrm RubyClient/1.0.1
  response: 
    status: 
      code: 200
      message: OK
    headers: 
      Date: 
      - Wed, 14 Aug 2013 16:02:49 GMT
      Server: 
      - Apache/2.2.22 (Ubuntu)
      X-Powered-By: 
      - PHP/5.4.6-1ubuntu1.2
      X-Drupal-Cache: 
      - MISS
      Expires: 
      - Sun, 19 Nov 1978 05:00:00 GMT
      Last-Modified: 
      - Wed, 14 Aug 2013 16:02:49 +0000
      Cache-Control: 
      - no-cache, must-revalidate, post-check=0, pre-check=0
      Etag: 
      - "\"1376496169\""
      Content-Length: 
      - "470"
      Content-Type: 
      - text/javascript
    body: 
      encoding: US-ASCII
      string: "{\"is_error\":0,\"version\":3,\"count\":1,\"id\":61,\"values\":{\"61\":{\"id\":\"61\",\"custom_group_id\":\"7\",\"name\":\"I_am_an_international_student\",\"label\":\"I am an international student\",\"data_type\":\"String\",\"html_type\":\"Radio\",\"is_required\":\"0\",\"is_searchable\":\"1\",\"is_search_range\":\"0\",\"weight\":\"70\",\"is_active\":\"1\",\"is_view\":\"0\",\"options_per_line\":\"2\",\"text_length\":\"255\",\"note_columns\":\"60\",\"note_rows\":\"4\",\"column_name\":\"i_am_an_international_student_61\",\"option_group_id\":\"103\"}}}"
    http_version: 
  recorded_at: Wed, 14 Aug 2013 16:01:02 GMT
- request: 
    method: get
    uri: https://stagehub.p2c.com/sites/all/modules/civicrm/extern/rest.php?action=get&activity_type_id=32&api_key=676c3fcae94c0a6c452417a11b2b7c11&campaign_id=8&entity=PtcActivityQuery&json=1&key=382adce875611f9b75d294b83a77a5f2&return=target_contact_id&rowCount=10000&source_record_id=11
    body: 
      encoding: US-ASCII
      string: ""
    headers: 
      Accept: 
      - "*/*; q=0.5, application/xml"
      Accept-Encoding: 
      - gzip, deflate
      User-Agent: 
      - CiviCrm RubyClient/1.0.1
  response: 
    status: 
      code: 200
      message: OK
    headers: 
      Date: 
      - Wed, 14 Aug 2013 16:02:49 GMT
      Server: 
      - Apache/2.2.22 (Ubuntu)
      X-Powered-By: 
      - PHP/5.4.6-1ubuntu1.2
      X-Drupal-Cache: 
      - MISS
      Expires: 
      - Sun, 19 Nov 1978 05:00:00 GMT
      Last-Modified: 
      - Wed, 14 Aug 2013 16:02:49 +0000
      Cache-Control: 
      - no-cache, must-revalidate, post-check=0, pre-check=0
      Etag: 
      - "\"1376496169\""
      Transfer-Encoding: 
      - chunked
      Content-Type: 
      - text/javascript
    body: 
      encoding: US-ASCII
      string: "{\"is_error\":0,\"version\":3,\"count\":35,\"values\":[{\"id\":\"104118\",\"campaign_id\":\"8\",\"source_record_id\":\"11\",\"activity_type_id\":\"32\",\"status_id\":\"2\",\"priority_id\":\"4\",\"engagement_level\":\"7\",\"activity_date_time\":\"2013-07-20 21:57:51\",\"details\":\"<p><a href=\\\"https:\\/\\/stagehub.p2c.com\\/node\\/10\\/submission\\/41\\\">View Webform Submission<\\/a><\\/p>\",\"source_contact_id\":\"60047\",\"assignee_contact_id\":\"\",\"target_contact_id\":\"60047\"},{\"id\":\"104119\",\"campaign_id\":\"8\",\"source_record_id\":\"11\",\"activity_type_id\":\"32\",\"status_id\":\"2\",\"priority_id\":\"2\",\"engagement_level\":\"0\",\"activity_date_time\":\"2013-07-20 22:09:12\",\"details\":\"<p><a href=\\\"https:\\/\\/stagehub.p2c.com\\/node\\/10\\/submission\\/42\\\">View Webform Submission<\\/a><\\/p>\",\"source_contact_id\":\"60048\",\"assignee_contact_id\":\"\",\"target_contact_id\":\"60048\"},{\"id\":\"104120\",\"campaign_id\":\"8\",\"source_record_id\":\"11\",\"activity_type_id\":\"32\",\"status_id\":\"2\",\"priority_id\":\"2\",\"engagement_level\":\"8\",\"activity_date_time\":\"2013-07-20 22:33:32\",\"details\":\"<p><a href=\\\"https:\\/\\/stagehub.p2c.com\\/node\\/10\\/submission\\/43\\\">View Webform Submission<\\/a><\\/p>\",\"source_contact_id\":\"60049\",\"assignee_contact_id\":\"\",\"target_contact_id\":\"60049\"},{\"id\":\"104121\",\"campaign_id\":\"8\",\"source_record_id\":\"11\",\"activity_type_id\":\"32\",\"status_id\":\"4\",\"priority_id\":\"4\",\"engagement_level\":\"\",\"activity_date_time\":\"2013-07-20 22:34:50\",\"details\":\"<p><a href=\\\"https:\\/\\/stagehub.p2c.com\\/node\\/10\\/submission\\/44\\\">View Webform Submission<\\/a><\\/p>\",\"source_contact_id\":\"60050\",\"assignee_contact_id\":\"\",\"target_contact_id\":\"60050\"},{\"id\":\"104122\",\"campaign_id\":\"8\",\"source_record_id\":\"11\",\"activity_type_id\":\"32\",\"status_id\":\"2\",\"priority_id\":\"4\",\"engagement_level\":\"8\",\"activity_date_time\":\"2013-07-20 22:36:54\",\"details\":\"<p><a href=\\\"https:\\/\\/stagehub.p2c.com\\/node\\/10\\/submission\\/45\\\">View Webform Submission<\\/a><\\/p>\",\"source_contact_id\":\"60051\",\"assignee_contact_id\":\"\",\"target_contact_id\":\"60051\"},{\"id\":\"104123\",\"campaign_id\":\"8\",\"source_record_id\":\"11\",\"activity_type_id\":\"32\",\"status_id\":\"2\",\"priority_id\":\"1\",\"engagement_level\":\"10\",\"activity_date_time\":\"2013-07-20 22:42:42\",\"details\":\"<p><a href=\\\"https:\\/\\/stagehub.p2c.com\\/node\\/10\\/submission\\/46\\\">View Webform Submission<\\/a><\\/p>\",\"source_contact_id\":\"60052\",\"assignee_contact_id\":\"\",\"target_contact_id\":\"60052\"},{\"id\":\"104124\",\"campaign_id\":\"8\",\"source_record_id\":\"11\",\"activity_type_id\":\"32\",\"status_id\":\"4\",\"priority_id\":\"1\",\"engagement_level\":\"8\",\"activity_date_time\":\"2013-07-20 22:44:54\",\"details\":\"<p><a href=\\\"https:\\/\\/stagehub.p2c.com\\/node\\/10\\/submission\\/47\\\">View Webform Submission<\\/a><\\/p>\",\"source_contact_id\":\"60053\",\"assignee_contact_id\":\"\",\"target_contact_id\":\"60053\"},{\"id\":\"104126\",\"campaign_id\":\"8\",\"source_record_id\":\"11\",\"activity_type_id\":\"32\",\"status_id\":\"3\",\"priority_id\":\"1\",\"engagement_level\":\"10\",\"activity_date_time\":\"2013-07-20 23:34:25\",\"details\":\"<p><a href=\\\"https:\\/\\/stagehub.p2c.com\\/node\\/10\\/submission\\/49\\\">View Webform Submission<\\/a><\\/p>\",\"source_contact_id\":\"60054\",\"assignee_contact_id\":\"\",\"target_contact_id\":\"60054\"},{\"id\":\"104127\",\"campaign_id\":\"8\",\"source_record_id\":\"11\",\"activity_type_id\":\"32\",\"status_id\":\"2\",\"priority_id\":\"2\",\"engagement_level\":\"7\",\"activity_date_time\":\"2013-07-20 23:36:00\",\"details\":\"<p><a href=\\\"https:\\/\\/stagehub.p2c.com\\/node\\/10\\/submission\\/50\\\">View Webform Submission<\\/a><\\/p>\\r\\n\",\"source_contact_id\":\"60055\",\"assignee_contact_id\":\"\",\"target_contact_id\":\"60055\"},{\"id\":\"104134\",\"campaign_id\":\"8\",\"source_record_id\":\"11\",\"activity_type_id\":\"32\",\"status_id\":\"2\",\"priority_id\":\"4\",\"engagement_level\":\"2\",\"activity_date_time\":\"2013-07-22 18:15:20\",\"details\":\"<p><a href=\\\"https:\\/\\/stagehub.p2c.com\\/node\\/10\\/submission\\/51\\\">View Webform Submission<\\/a><\\/p>\",\"source_contact_id\":\"25\",\"assignee_contact_id\":\"\",\"target_contact_id\":\"60056\"},{\"id\":\"104136\",\"campaign_id\":\"8\",\"source_record_id\":\"11\",\"activity_type_id\":\"32\",\"status_id\":\"2\",\"priority_id\":\"4\",\"engagement_level\":\"10\",\"activity_date_time\":\"2013-07-23 14:22:09\",\"details\":\"<p><a href=\\\"https:\\/\\/stagehub.p2c.com\\/node\\/10\\/submission\\/52\\\">View Webform Submission<\\/a><\\/p>\",\"source_contact_id\":\"60029\",\"assignee_contact_id\":\"\",\"target_contact_id\":\"60029\"},{\"id\":\"104246\",\"campaign_id\":\"8\",\"source_record_id\":\"11\",\"activity_type_id\":\"32\",\"status_id\":\"3\",\"priority_id\":\"4\",\"engagement_level\":\"\",\"activity_date_time\":\"2013-07-30 22:14:16\",\"details\":\"<p><a href=\\\"https:\\/\\/stagehub.p2c.com\\/node\\/10\\/submission\\/73\\\">View Webform Submission<\\/a><\\/p>\",\"source_contact_id\":\"1\",\"assignee_contact_id\":\"\",\"target_contact_id\":\"60077\"},{\"id\":\"104256\",\"campaign_id\":\"8\",\"source_record_id\":\"11\",\"activity_type_id\":\"32\",\"status_id\":\"2\",\"priority_id\":\"3\",\"engagement_level\":\"10\",\"activity_date_time\":\"2013-07-31 15:13:39\",\"details\":\"Some details about this activity<p><a href=\\\"https:\\/\\/stagehub.p2c.com\\/node\\/10\\/submission\\/81\\\">View Webform Submission<\\/a><\\/p>\",\"source_contact_id\":\"1\",\"assignee_contact_id\":\"\",\"target_contact_id\":\"60084\"},{\"id\":\"104276\",\"campaign_id\":\"8\",\"source_record_id\":\"11\",\"activity_type_id\":\"32\",\"status_id\":\"2\",\"priority_id\":\"3\",\"engagement_level\":\"8\",\"activity_date_time\":\"2013-08-01 21:03:25\",\"details\":\"From matt<p><a href=\\\"https:\\/\\/stagehub.p2c.com\\/node\\/10\\/submission\\/91\\\">View Webform Submission<\\/a><\\/p>\",\"source_contact_id\":\"1\",\"assignee_contact_id\":\"\",\"target_contact_id\":\"60093\"},{\"id\":\"104279\",\"campaign_id\":\"8\",\"source_record_id\":\"11\",\"activity_type_id\":\"32\",\"status_id\":\"2\",\"priority_id\":\"2\",\"engagement_level\":\"\",\"activity_date_time\":\"2013-08-01 21:38:21\",\"details\":\"from matt<p><a href=\\\"https:\\/\\/stagehub.p2c.com\\/node\\/10\\/submission\\/92\\\">View Webform Submission<\\/a><\\/p>\",\"source_contact_id\":\"1\",\"assignee_contact_id\":\"\",\"target_contact_id\":\"60094\"},{\"id\":\"104280\",\"campaign_id\":\"8\",\"source_record_id\":\"11\",\"activity_type_id\":\"32\",\"status_id\":\"2\",\"priority_id\":\"2\",\"engagement_level\":\"0\",\"activity_date_time\":\"2013-08-01 21:39:47\",\"details\":\"from matt<p><a href=\\\"https:\\/\\/stagehub.p2c.com\\/node\\/10\\/submission\\/93\\\">View Webform Submission<\\/a><\\/p>\",\"source_contact_id\":\"1\",\"assignee_contact_id\":\"\",\"target_contact_id\":\"60095\"},{\"id\":\"104281\",\"campaign_id\":\"8\",\"source_record_id\":\"11\",\"activity_type_id\":\"32\",\"status_id\":\"2\",\"priority_id\":\"2\",\"engagement_level\":\"\",\"activity_date_time\":\"2013-08-01 21:41:51\",\"details\":\"from matt<p><a href=\\\"https:\\/\\/stagehub.p2c.com\\/node\\/10\\/submission\\/94\\\">View Webform Submission<\\/a><\\/p>\",\"source_contact_id\":\"1\",\"assignee_contact_id\":\"\",\"target_contact_id\":\"60096\"},{\"id\":\"104282\",\"campaign_id\":\"8\",\"source_record_id\":\"11\",\"activity_type_id\":\"32\",\"status_id\":\"2\",\"priority_id\":\"2\",\"engagement_level\":\"\",\"activity_date_time\":\"2013-08-01 21:42:26\",\"details\":\"from matt<p><a href=\\\"https:\\/\\/stagehub.p2c.com\\/node\\/10\\/submission\\/95\\\">View Webform Submission<\\/a><\\/p>\",\"source_contact_id\":\"1\",\"assignee_contact_id\":\"\",\"target_contact_id\":\"60097\"},{\"id\":\"104283\",\"campaign_id\":\"8\",\"source_record_id\":\"11\",\"activity_type_id\":\"32\",\"status_id\":\"2\",\"priority_id\":\"2\",\"engagement_level\":\"\",\"activity_date_time\":\"2013-08-01 21:43:54\",\"details\":\"from matt<p><a href=\\\"https:\\/\\/stagehub.p2c.com\\/node\\/10\\/submission\\/96\\\">View Webform Submission<\\/a><\\/p>\",\"source_contact_id\":\"1\",\"assignee_contact_id\":\"\",\"target_contact_id\":\"60098\"},{\"id\":\"104284\",\"campaign_id\":\"8\",\"source_record_id\":\"11\",\"activity_type_id\":\"32\",\"status_id\":\"2\",\"priority_id\":\"2\",\"engagement_level\":\"\",\"activity_date_time\":\"2013-08-01 21:45:22\",\"details\":\"from matt<p><a href=\\\"https:\\/\\/stagehub.p2c.com\\/node\\/10\\/submission\\/97\\\">View Webform Submission<\\/a><\\/p>\",\"source_contact_id\":\"1\",\"assignee_contact_id\":\"\",\"target_contact_id\":\"60099\"},{\"id\":\"104285\",\"campaign_id\":\"8\",\"source_record_id\":\"11\",\"activity_type_id\":\"32\",\"status_id\":\"2\",\"priority_id\":\"2\",\"engagement_level\":\"\",\"activity_date_time\":\"2013-08-01 21:47:30\",\"details\":\"from matt<p><a href=\\\"https:\\/\\/stagehub.p2c.com\\/node\\/10\\/submission\\/98\\\">View Webform Submission<\\/a><\\/p>\",\"source_contact_id\":\"1\",\"assignee_contact_id\":\"\",\"target_contact_id\":\"60100\"},{\"id\":\"104286\",\"campaign_id\":\"8\",\"source_record_id\":\"11\",\"activity_type_id\":\"32\",\"status_id\":\"4\",\"priority_id\":\"2\",\"engagement_level\":\"\",\"activity_date_time\":\"2013-08-01 22:21:44\",\"details\":\"from matt<p><a href=\\\"https:\\/\\/stagehub.p2c.com\\/node\\/10\\/submission\\/99\\\">View Webform Submission<\\/a><\\/p>\",\"source_contact_id\":\"1\",\"assignee_contact_id\":\"\",\"target_contact_id\":\"60101\"},{\"id\":\"104287\",\"campaign_id\":\"8\",\"source_record_id\":\"11\",\"activity_type_id\":\"32\",\"status_id\":\"2\",\"priority_id\":\"2\",\"engagement_level\":\"\",\"activity_date_time\":\"2013-08-01 22:24:04\",\"details\":\"from matt<p><a href=\\\"https:\\/\\/stagehub.p2c.com\\/node\\/10\\/submission\\/100\\\">View Webform Submission<\\/a><\\/p>\",\"source_contact_id\":\"1\",\"assignee_contact_id\":\"\",\"target_contact_id\":\"60102\"},{\"id\":\"104288\",\"campaign_id\":\"8\",\"source_record_id\":\"11\",\"activity_type_id\":\"32\",\"status_id\":\"2\",\"priority_id\":\"2\",\"engagement_level\":\"\",\"activity_date_time\":\"2013-08-01 23:00:29\",\"details\":\"from matt<p><a href=\\\"https:\\/\\/stagehub.p2c.com\\/node\\/10\\/submission\\/101\\\">View Webform Submission<\\/a><\\/p>\",\"source_contact_id\":\"1\",\"assignee_contact_id\":\"\",\"target_contact_id\":\"60103\"},{\"id\":\"104371\",\"campaign_id\":\"8\",\"source_record_id\":\"11\",\"activity_type_id\":\"32\",\"status_id\":\"2\",\"priority_id\":\"2\",\"engagement_level\":\"\",\"activity_date_time\":\"2013-08-02 17:29:07\",\"details\":\"sdf<p><a href=\\\"https:\\/\\/stagehub.p2c.com\\/node\\/10\\/submission\\/112\\\">View Webform Submission<\\/a><\\/p>\",\"source_contact_id\":\"1\",\"assignee_contact_id\":\"\",\"target_contact_id\":\"60109\"},{\"id\":\"104373\",\"campaign_id\":\"8\",\"source_record_id\":\"11\",\"activity_type_id\":\"32\",\"status_id\":\"2\",\"priority_id\":\"2\",\"engagement_level\":\"\",\"activity_date_time\":\"2013-08-02 17:30:59\",\"details\":\"sdf<p><a href=\\\"https:\\/\\/stagehub.p2c.com\\/node\\/10\\/submission\\/113\\\">View Webform Submission<\\/a><\\/p>\",\"source_contact_id\":\"1\",\"assignee_contact_id\":\"\",\"target_contact_id\":\"60109\"},{\"id\":\"104375\",\"campaign_id\":\"8\",\"source_record_id\":\"11\",\"activity_type_id\":\"32\",\"status_id\":\"2\",\"priority_id\":\"2\",\"engagement_level\":\"\",\"activity_date_time\":\"2013-08-02 17:32:18\",\"details\":\"sdf<p><a href=\\\"https:\\/\\/stagehub.p2c.com\\/node\\/10\\/submission\\/114\\\">View Webform Submission<\\/a><\\/p>\",\"source_contact_id\":\"1\",\"assignee_contact_id\":\"\",\"target_contact_id\":\"60054\"},{\"id\":\"104377\",\"campaign_id\":\"8\",\"source_record_id\":\"11\",\"activity_type_id\":\"32\",\"status_id\":\"2\",\"priority_id\":\"2\",\"engagement_level\":\"\",\"activity_date_time\":\"2013-08-02 17:33:38\",\"details\":\"sdf<p><a href=\\\"https:\\/\\/stagehub.p2c.com\\/node\\/10\\/submission\\/115\\\">View Webform Submission<\\/a><\\/p>\",\"source_contact_id\":\"1\",\"assignee_contact_id\":\"\",\"target_contact_id\":\"60054\"},{\"id\":\"104379\",\"campaign_id\":\"8\",\"source_record_id\":\"11\",\"activity_type_id\":\"32\",\"status_id\":\"2\",\"priority_id\":\"2\",\"engagement_level\":\"\",\"activity_date_time\":\"2013-08-02 17:35:23\",\"details\":\"sdf<p><a href=\\\"https:\\/\\/stagehub.p2c.com\\/node\\/10\\/submission\\/116\\\">View Webform Submission<\\/a><\\/p>\",\"source_contact_id\":\"1\",\"assignee_contact_id\":\"\",\"target_contact_id\":\"60054\"},{\"id\":\"104381\",\"campaign_id\":\"8\",\"source_record_id\":\"11\",\"activity_type_id\":\"32\",\"status_id\":\"2\",\"priority_id\":\"2\",\"engagement_level\":\"\",\"activity_date_time\":\"2013-08-02 17:36:42\",\"details\":\"sdf<p><a href=\\\"https:\\/\\/stagehub.p2c.com\\/node\\/10\\/submission\\/117\\\">View Webform Submission<\\/a><\\/p>\",\"source_contact_id\":\"1\",\"assignee_contact_id\":\"\",\"target_contact_id\":\"60054\"},{\"id\":\"104383\",\"campaign_id\":\"8\",\"source_record_id\":\"11\",\"activity_type_id\":\"32\",\"status_id\":\"2\",\"priority_id\":\"2\",\"engagement_level\":\"\",\"activity_date_time\":\"2013-08-02 18:42:39\",\"details\":\"sdf<p><a href=\\\"https:\\/\\/stagehub.p2c.com\\/node\\/10\\/submission\\/118\\\">View Webform Submission<\\/a><\\/p>\",\"source_contact_id\":\"1\",\"assignee_contact_id\":\"\",\"target_contact_id\":\"60054\"},{\"id\":\"104385\",\"campaign_id\":\"8\",\"source_record_id\":\"11\",\"activity_type_id\":\"32\",\"status_id\":\"2\",\"priority_id\":\"2\",\"engagement_level\":\"\",\"activity_date_time\":\"2013-08-02 18:45:14\",\"details\":\"sdf<p><a href=\\\"https:\\/\\/stagehub.p2c.com\\/node\\/10\\/submission\\/119\\\">View Webform Submission<\\/a><\\/p>\",\"source_contact_id\":\"1\",\"assignee_contact_id\":\"\",\"target_contact_id\":\"60054\"},{\"id\":\"104387\",\"campaign_id\":\"8\",\"source_record_id\":\"11\",\"activity_type_id\":\"32\",\"status_id\":\"2\",\"priority_id\":\"2\",\"engagement_level\":\"\",\"activity_date_time\":\"2013-08-02 20:04:51\",\"details\":\"sdf<p><a href=\\\"https:\\/\\/stagehub.p2c.com\\/node\\/10\\/submission\\/120\\\">View Webform Submission<\\/a><\\/p>\",\"source_contact_id\":\"1\",\"assignee_contact_id\":\"\",\"target_contact_id\":\"60054\"},{\"id\":\"104389\",\"campaign_id\":\"8\",\"source_record_id\":\"11\",\"activity_type_id\":\"32\",\"status_id\":\"4\",\"priority_id\":\"2\",\"engagement_level\":\"\",\"activity_date_time\":\"2013-08-02 20:05:30\",\"details\":\"sdf<p><a href=\\\"https:\\/\\/stagehub.p2c.com\\/node\\/10\\/submission\\/121\\\">View Webform Submission<\\/a><\\/p>\",\"source_contact_id\":\"1\",\"assignee_contact_id\":\"\",\"target_contact_id\":\"60054\"},{\"id\":\"104391\",\"campaign_id\":\"8\",\"source_record_id\":\"11\",\"activity_type_id\":\"32\",\"status_id\":\"2\",\"priority_id\":\"2\",\"engagement_level\":\"\",\"activity_date_time\":\"2013-08-02 20:06:19\",\"details\":\"sdf<p><a href=\\\"https:\\/\\/stagehub.p2c.com\\/node\\/10\\/submission\\/122\\\">View Webform Submission<\\/a><\\/p>\",\"source_contact_id\":\"1\",\"assignee_contact_id\":\"\",\"target_contact_id\":\"60110\"}]}"
    http_version: 
  recorded_at: Wed, 14 Aug 2013 16:01:02 GMT
- request: 
    method: get
    uri: https://stagehub.p2c.com/sites/all/modules/civicrm/extern/rest.php?action=get&api_key=676c3fcae94c0a6c452417a11b2b7c11&entity=Contact&id=60058&json=%7B%22api.note.get%22:%7B%7D,%22api.activity.get%22:%7B%7D,%22api.relationship.get%22:%7B%7D%7D&key=382adce875611f9b75d294b83a77a5f2&rowCount=1
    body: 
      encoding: US-ASCII
      string: ""
    headers: 
      Accept: 
      - "*/*; q=0.5, application/xml"
      Accept-Encoding: 
      - gzip, deflate
      User-Agent: 
      - CiviCrm RubyClient/1.0.1
  response: 
    status: 
      code: 200
      message: OK
    headers: 
      Date: 
      - Wed, 14 Aug 2013 16:02:50 GMT
      Server: 
      - Apache/2.2.22 (Ubuntu)
      X-Powered-By: 
      - PHP/5.4.6-1ubuntu1.2
      X-Drupal-Cache: 
      - MISS
      Expires: 
      - Sun, 19 Nov 1978 05:00:00 GMT
      Last-Modified: 
      - Wed, 14 Aug 2013 16:02:50 +0000
      Cache-Control: 
      - no-cache, must-revalidate, post-check=0, pre-check=0
      Etag: 
      - "\"1376496170\""
      Content-Length: 
      - "2882"
      Content-Type: 
      - text/javascript
    body: 
      encoding: US-ASCII
      string: "{\"is_error\":0,\"version\":3,\"count\":1,\"id\":60058,\"values\":{\"60058\":{\"contact_id\":\"60058\",\"contact_type\":\"Individual\",\"contact_sub_type\":\"\",\"sort_name\":\"Martin, Russ\",\"display_name\":\"Russ Martin\",\"do_not_email\":\"1\",\"do_not_phone\":\"0\",\"do_not_mail\":\"0\",\"do_not_sms\":\"1\",\"do_not_trade\":\"0\",\"is_opt_out\":\"0\",\"legal_identifier\":\"\",\"external_identifier\":\"\",\"nick_name\":\"\",\"legal_name\":\"\",\"image_URL\":\"\",\"preferred_mail_format\":\"Both\",\"first_name\":\"Russ\",\"middle_name\":\"\",\"last_name\":\"Martin\",\"job_title\":\"\",\"birth_date\":\"\",\"is_deceased\":\"0\",\"deceased_date\":\"\",\"household_name\":\"\",\"organization_name\":\"\",\"sic_code\":\"\",\"contact_is_deleted\":\"0\",\"gender_id\":\"2\",\"gender\":\"Male\",\"prefix_id\":\"\",\"prefix\":\"\",\"suffix_id\":\"\",\"suffix\":\"\",\"current_employer\":\"\",\"address_id\":\"\",\"street_address\":\"\",\"supplemental_address_1\":\"\",\"supplemental_address_2\":\"\",\"city\":\"\",\"postal_code_suffix\":\"\",\"postal_code\":\"\",\"geo_code_1\":\"\",\"geo_code_2\":\"\",\"state_province_id\":\"\",\"state_province_name\":\"\",\"state_province\":\"\",\"country_id\":\"\",\"country\":\"\",\"phone_id\":\"\",\"phone_type_id\":\"\",\"phone\":\"\",\"email_id\":\"58358\",\"email\":\"russ.l.martin@gmail.com\",\"on_hold\":\"0\",\"im_id\":\"\",\"provider_id\":\"\",\"im\":\"\",\"worldregion_id\":\"\",\"world_region\":\"\",\"id\":\"60058\",\"api.note.get\":{\"is_error\":0,\"undefined_fields\":[\"entity_table\",\"entity_id\",\"contact_id\",\"api.has_parent\"],\"version\":3,\"count\":0,\"values\":[]},\"api.activity.get\":{\"is_error\":0,\"undefined_fields\":[\"entity_id\",\"entity_table\",\"contact_id\",\"api.has_parent\"],\"version\":3,\"count\":1,\"id\":104210,\"values\":[{\"targets\":{\"60058\":\"60058\"},\"source_contact_id\":\"1\",\"id\":\"104210\",\"activity_type_id\":\"32\",\"subject\":\"Power survey - July21-2\",\"location\":\"\",\"activity_date_time\":\"2013-07-29 13:29:58\",\"details\":\"<p><a href=\\\"https:\\/\\/stagehub.p2c.com\\/node\\/11\\/submission\\/54\\\">View Webform Submission<\\/a><\\/p>\",\"status_id\":\"4\",\"activity_name\":\"Petition\",\"status\":\"Uncontacted\",\"custom_154\":\"5\",\"custom_154_113\":\"5\",\"custom_155\":\"magazine-success\",\"custom_155_113\":\"magazine-success\",\"custom_156\":\"journey-p2c\",\"custom_156_113\":\"journey-p2c\",\"custom_157\":\"gauge-4\",\"custom_157_113\":\"gauge-4\",\"custom_149\":\"power-backpack\",\"custom_149_43\":\"power-backpack\"}]},\"api.relationship.get\":{\"is_error\":0,\"undefined_fields\":[\"entity_id\",\"entity_table\",\"contact_id\",\"api.has_parent\"],\"version\":3,\"count\":1,\"id\":59353,\"values\":[{\"id\":\"59353\",\"cid\":\"57173\",\"contact_id_a\":\"60058\",\"contact_id_b\":\"57173\",\"relationship_type_id\":\"10\",\"relation\":\"Student Currently Attending\",\"name\":\"Seneca College - York Campus\",\"display_name\":\"Seneca College - York Campus\",\"job_title\":\"\",\"email\":\"\",\"phone\":\"14164915050\",\"employer_id\":\"\",\"organization_name\":\"Seneca College - York Campus\",\"country\":\"Canada\",\"city\":\"Toronto\",\"state\":\"ON\",\"start_date\":\"\",\"end_date\":\"\",\"description\":\"\",\"is_active\":\"1\",\"is_permission_a_b\":\"0\",\"is_permission_b_a\":\"0\",\"case_id\":\"\",\"civicrm_relationship_type_id\":\"10\",\"rtype\":\"a_b\"}]}}}}"
    http_version: 
  recorded_at: Wed, 14 Aug 2013 16:01:03 GMT
recorded_with: VCR 2.5.0
