--- 
http_interactions: 
- request: 
    method: get
    uri: https://stagehub.p2c.com/sites/all/modules/civicrm/extern/rest.php/civicrm/extern/rest.php?action=get&api_key=676c3fcae94c0a6c452417a11b2b7c11&entity=Survey&id=2&json=1&key=382adce875611f9b75d294b83a77a5f2&rowCount=1
    body: 
      encoding: US-ASCII
      string: ""
    headers: 
      Accept: 
      - "*/*; q=0.5, application/xml"
      Accept-Encoding: 
      - gzip, deflate
      User-Agent: 
      - CiviCrm RubyClient/1.0.1
  response: 
    status: 
      code: 200
      message: OK
    headers: 
      Date: 
      - Mon, 02 Sep 2013 01:48:09 GMT
      Server: 
      - Apache/2.2.22 (Ubuntu)
      X-Powered-By: 
      - PHP/5.4.6-1ubuntu1.2
      X-Drupal-Cache: 
      - MISS
      Expires: 
      - Sun, 19 Nov 1978 05:00:00 GMT
      Last-Modified: 
      - Mon, 02 Sep 2013 01:48:09 +0000
      Cache-Control: 
      - no-cache, must-revalidate, post-check=0, pre-check=0
      Etag: 
      - "\"1378086489\""
      Content-Length: 
      - "297"
      Content-Type: 
      - text/javascript
    body: 
      encoding: US-ASCII
      string: &id001 !str 
        str: "{\"is_error\":0,\"version\":3,\"count\":1,\"id\":2,\"values\":{\"2\":{\"id\":\"2\",\"title\":\"Sept 2012 petition\",\"campaign_id\":\"2\",\"activity_type_id\":\"32\",\"is_active\":\"1\",\"is_default\":\"0\",\"created_date\":\"2012-05-29 11:05:52\",\"last_modified_id\":\"1\",\"last_modified_date\":\"2012-09-04 21:20:13\",\"bypass_confirm\":\"1\"}}}"
        :@args: 
          :method: :get
          :timeout: 80
          :headers: 
            :user_agent: CiviCrm RubyClient/1.0.1
          :url: https://stagehub.p2c.com/sites/all/modules/civicrm/extern/rest.php/civicrm/extern/rest.php?id=2&rowCount=1&entity=Survey&action=get&json=1&api_key=676c3fcae94c0a6c452417a11b2b7c11&key=382adce875611f9b75d294b83a77a5f2
        :@code: 200
        :@net_http_res: !ruby/object:Net::HTTPOK 
          __read_body_previously_called: true
          body: *id001
          code: "200"
          header: 
            date: 
            - Mon, 02 Sep 2013 01:48:09 GMT
            server: 
            - Apache/2.2.22 (Ubuntu)
            x-powered-by: 
            - PHP/5.4.6-1ubuntu1.2
            x-drupal-cache: 
            - MISS
            expires: 
            - Sun, 19 Nov 1978 05:00:00 GMT
            last-modified: 
            - Mon, 02 Sep 2013 01:48:09 +0000
            cache-control: 
            - no-cache, must-revalidate, post-check=0, pre-check=0
            etag: 
            - "\"1378086489\""
            content-length: 
            - "297"
            content-type: 
            - text/javascript
          http_version: "1.0"
          message: OK
          read: true
    http_version: 
  recorded_at: Mon, 02 Sep 2013 01:46:16 GMT
- request: 
    method: get
    uri: https://stagehub.p2c.com/sites/all/modules/civicrm/extern/rest.php/civicrm/extern/rest.php?action=get&activity_type_id=32&api_key=676c3fcae94c0a6c452417a11b2b7c11&campaign_id=2&entity=CustomSurveyFields&json=1&key=382adce875611f9b75d294b83a77a5f2&rowCount=50&survey_id=2
    body: 
      encoding: US-ASCII
      string: ""
    headers: 
      Accept: 
      - "*/*; q=0.5, application/xml"
      Accept-Encoding: 
      - gzip, deflate
      User-Agent: 
      - CiviCrm RubyClient/1.0.1
  response: 
    status: 
      code: 200
      message: OK
    headers: 
      Date: 
      - Mon, 02 Sep 2013 01:48:10 GMT
      Server: 
      - Apache/2.2.22 (Ubuntu)
      X-Powered-By: 
      - PHP/5.4.6-1ubuntu1.2
      X-Drupal-Cache: 
      - MISS
      Expires: 
      - Sun, 19 Nov 1978 05:00:00 GMT
      Last-Modified: 
      - Mon, 02 Sep 2013 01:48:10 +0000
      Cache-Control: 
      - no-cache, must-revalidate, post-check=0, pre-check=0
      Etag: 
      - "\"1378086490\""
      Content-Length: 
      - "48"
      Content-Type: 
      - text/javascript
    body: 
      encoding: US-ASCII
      string: "{\"is_error\":0,\"version\":3,\"count\":0,\"values\":[]}"
    http_version: 
  recorded_at: Mon, 02 Sep 2013 01:46:16 GMT
- request: 
    method: get
    uri: https://stagehub.p2c.com/sites/all/modules/civicrm/extern/rest.php/civicrm/extern/rest.php?action=get&activity_type_id=32&api_key=676c3fcae94c0a6c452417a11b2b7c11&campaign_id=2&entities=target_contact,relationships&entity=PtcActivityQuery&json=1&key=382adce875611f9b75d294b83a77a5f2&rowCount=50&source_record_id=2&target_contact_relationship_type_id=10
    body: 
      encoding: US-ASCII
      string: ""
    headers: 
      Accept: 
      - "*/*; q=0.5, application/xml"
      Accept-Encoding: 
      - gzip, deflate
      User-Agent: 
      - CiviCrm RubyClient/1.0.1
  response: 
    status: 
      code: 200
      message: OK
    headers: 
      Date: 
      - Mon, 02 Sep 2013 01:48:11 GMT
      Server: 
      - Apache/2.2.22 (Ubuntu)
      X-Powered-By: 
      - PHP/5.4.6-1ubuntu1.2
      X-Drupal-Cache: 
      - MISS
      Expires: 
      - Sun, 19 Nov 1978 05:00:00 GMT
      Last-Modified: 
      - Mon, 02 Sep 2013 01:48:11 +0000
      Cache-Control: 
      - no-cache, must-revalidate, post-check=0, pre-check=0
      Etag: 
      - "\"1378086491\""
      Content-Length: 
      - "48"
      Content-Type: 
      - text/javascript
    body: 
      encoding: US-ASCII
      string: "{\"is_error\":0,\"version\":3,\"count\":0,\"values\":[]}"
    http_version: 
  recorded_at: Mon, 02 Sep 2013 01:46:19 GMT
- request: 
    method: get
    uri: https://stagehub.p2c.com/sites/all/modules/civicrm/extern/rest.php/civicrm/extern/rest.php?action=get&activity_type_id=32&api_key=676c3fcae94c0a6c452417a11b2b7c11&campaign_id=2&entity=CustomSurveyFields&json=1&key=382adce875611f9b75d294b83a77a5f2&rowCount=50&survey_id=2
    body: 
      encoding: US-ASCII
      string: ""
    headers: 
      Accept: 
      - "*/*; q=0.5, application/xml"
      Accept-Encoding: 
      - gzip, deflate
      User-Agent: 
      - CiviCrm RubyClient/1.0.1
  response: 
    status: 
      code: 200
      message: OK
    headers: 
      Date: 
      - Mon, 02 Sep 2013 01:48:13 GMT
      Server: 
      - Apache/2.2.22 (Ubuntu)
      X-Powered-By: 
      - PHP/5.4.6-1ubuntu1.2
      X-Drupal-Cache: 
      - MISS
      Expires: 
      - Sun, 19 Nov 1978 05:00:00 GMT
      Last-Modified: 
      - Mon, 02 Sep 2013 01:48:13 +0000
      Cache-Control: 
      - no-cache, must-revalidate, post-check=0, pre-check=0
      Etag: 
      - "\"1378086493\""
      Content-Length: 
      - "48"
      Content-Type: 
      - text/javascript
    body: 
      encoding: US-ASCII
      string: "{\"is_error\":0,\"version\":3,\"count\":0,\"values\":[]}"
    http_version: 
  recorded_at: Mon, 02 Sep 2013 01:46:19 GMT
- request: 
    method: get
    uri: https://stagehub.p2c.com/sites/all/modules/civicrm/extern/rest.php/civicrm/extern/rest.php?action=get&activity_type_id=32&api_key=676c3fcae94c0a6c452417a11b2b7c11&campaign_id=2&entities=target_contact,relationships&entity=PtcActivityQuery&json=1&key=382adce875611f9b75d294b83a77a5f2&rowCount=50&source_record_id=2&target_contact_relationship_type_id=10
    body: 
      encoding: US-ASCII
      string: ""
    headers: 
      Accept: 
      - "*/*; q=0.5, application/xml"
      Accept-Encoding: 
      - gzip, deflate
      User-Agent: 
      - CiviCrm RubyClient/1.0.1
  response: 
    status: 
      code: 200
      message: OK
    headers: 
      Date: 
      - Mon, 02 Sep 2013 01:48:13 GMT
      Server: 
      - Apache/2.2.22 (Ubuntu)
      X-Powered-By: 
      - PHP/5.4.6-1ubuntu1.2
      X-Drupal-Cache: 
      - MISS
      Expires: 
      - Sun, 19 Nov 1978 05:00:00 GMT
      Last-Modified: 
      - Mon, 02 Sep 2013 01:48:13 +0000
      Cache-Control: 
      - no-cache, must-revalidate, post-check=0, pre-check=0
      Etag: 
      - "\"1378086493\""
      Content-Length: 
      - "48"
      Content-Type: 
      - text/javascript
    body: 
      encoding: US-ASCII
      string: "{\"is_error\":0,\"version\":3,\"count\":0,\"values\":[]}"
    http_version: 
  recorded_at: Mon, 02 Sep 2013 01:46:21 GMT
- request: 
    method: get
    uri: https://stagehub.p2c.com/sites/all/modules/civicrm/extern/rest.php/civicrm/extern/rest.php?action=get&activity_type_id=32&api_key=676c3fcae94c0a6c452417a11b2b7c11&campaign_id=2&entity=CustomSurveyFields&json=1&key=382adce875611f9b75d294b83a77a5f2&rowCount=50&survey_id=2
    body: 
      encoding: US-ASCII
      string: ""
    headers: 
      Accept: 
      - "*/*; q=0.5, application/xml"
      Accept-Encoding: 
      - gzip, deflate
      User-Agent: 
      - CiviCrm RubyClient/1.0.1
  response: 
    status: 
      code: 200
      message: OK
    headers: 
      Date: 
      - Mon, 02 Sep 2013 01:48:15 GMT
      Server: 
      - Apache/2.2.22 (Ubuntu)
      X-Powered-By: 
      - PHP/5.4.6-1ubuntu1.2
      X-Drupal-Cache: 
      - MISS
      Expires: 
      - Sun, 19 Nov 1978 05:00:00 GMT
      Last-Modified: 
      - Mon, 02 Sep 2013 01:48:15 +0000
      Cache-Control: 
      - no-cache, must-revalidate, post-check=0, pre-check=0
      Etag: 
      - "\"1378086495\""
      Content-Length: 
      - "48"
      Content-Type: 
      - text/javascript
    body: 
      encoding: US-ASCII
      string: "{\"is_error\":0,\"version\":3,\"count\":0,\"values\":[]}"
    http_version: 
  recorded_at: Mon, 02 Sep 2013 01:46:22 GMT
- request: 
    method: get
    uri: https://stagehub.p2c.com/sites/all/modules/civicrm/extern/rest.php/civicrm/extern/rest.php?action=get&activity_type_id=32&api_key=676c3fcae94c0a6c452417a11b2b7c11&campaign_id=2&entities=target_contact,relationships&entity=PtcActivityQuery&json=1&key=382adce875611f9b75d294b83a77a5f2&rowCount=50&source_record_id=2&target_contact_relationship_type_id=10
    body: 
      encoding: US-ASCII
      string: ""
    headers: 
      Accept: 
      - "*/*; q=0.5, application/xml"
      Accept-Encoding: 
      - gzip, deflate
      User-Agent: 
      - CiviCrm RubyClient/1.0.1
  response: 
    status: 
      code: 200
      message: OK
    headers: 
      Date: 
      - Mon, 02 Sep 2013 01:48:16 GMT
      Server: 
      - Apache/2.2.22 (Ubuntu)
      X-Powered-By: 
      - PHP/5.4.6-1ubuntu1.2
      X-Drupal-Cache: 
      - MISS
      Expires: 
      - Sun, 19 Nov 1978 05:00:00 GMT
      Last-Modified: 
      - Mon, 02 Sep 2013 01:48:16 +0000
      Cache-Control: 
      - no-cache, must-revalidate, post-check=0, pre-check=0
      Etag: 
      - "\"1378086496\""
      Content-Length: 
      - "48"
      Content-Type: 
      - text/javascript
    body: 
      encoding: US-ASCII
      string: "{\"is_error\":0,\"version\":3,\"count\":0,\"values\":[]}"
    http_version: 
  recorded_at: Mon, 02 Sep 2013 01:46:24 GMT
- request: 
    method: get
    uri: https://stagehub.p2c.com/sites/all/modules/civicrm/extern/rest.php/civicrm/extern/rest.php?action=get&activity_type_id=32&api_key=676c3fcae94c0a6c452417a11b2b7c11&campaign_id=2&entity=CustomSurveyFields&json=1&key=382adce875611f9b75d294b83a77a5f2&rowCount=100&survey_id=2
    body: 
      encoding: US-ASCII
      string: ""
    headers: 
      Accept: 
      - "*/*; q=0.5, application/xml"
      Accept-Encoding: 
      - gzip, deflate
      User-Agent: 
      - CiviCrm RubyClient/1.0.1
  response: 
    status: 
      code: 200
      message: OK
    headers: 
      Date: 
      - Tue, 03 Sep 2013 19:02:48 GMT
      Server: 
      - Apache/2.2.22 (Ubuntu)
      X-Powered-By: 
      - PHP/5.4.6-1ubuntu1.2
      X-Drupal-Cache: 
      - MISS
      Expires: 
      - Sun, 19 Nov 1978 05:00:00 GMT
      Last-Modified: 
      - Tue, 03 Sep 2013 19:02:48 +0000
      Cache-Control: 
      - no-cache, must-revalidate, post-check=0, pre-check=0
      Etag: 
      - "\"1378234968\""
      Content-Length: 
      - "48"
      Content-Type: 
      - text/javascript
    body: 
      encoding: US-ASCII
      string: "{\"is_error\":0,\"version\":3,\"count\":0,\"values\":[]}"
    http_version: 
  recorded_at: Tue, 03 Sep 2013 19:00:47 GMT
- request: 
    method: get
    uri: https://stagehub.p2c.com/sites/all/modules/civicrm/extern/rest.php/civicrm/extern/rest.php?action=get&activity_type_id=32&api_key=676c3fcae94c0a6c452417a11b2b7c11&campaign_id=2&entities=target_contact,relationships&entity=PtcActivityQuery&json=1&key=382adce875611f9b75d294b83a77a5f2&rowCount=100&source_record_id=2&target_contact_relationship_type_id=10
    body: 
      encoding: US-ASCII
      string: ""
    headers: 
      Accept: 
      - "*/*; q=0.5, application/xml"
      Accept-Encoding: 
      - gzip, deflate
      User-Agent: 
      - CiviCrm RubyClient/1.0.1
  response: 
    status: 
      code: 200
      message: OK
    headers: 
      Date: 
      - Tue, 03 Sep 2013 19:02:48 GMT
      Server: 
      - Apache/2.2.22 (Ubuntu)
      X-Powered-By: 
      - PHP/5.4.6-1ubuntu1.2
      X-Drupal-Cache: 
      - MISS
      Expires: 
      - Sun, 19 Nov 1978 05:00:00 GMT
      Last-Modified: 
      - Tue, 03 Sep 2013 19:02:48 +0000
      Cache-Control: 
      - no-cache, must-revalidate, post-check=0, pre-check=0
      Etag: 
      - "\"1378234968\""
      Content-Length: 
      - "48"
      Content-Type: 
      - text/javascript
    body: 
      encoding: US-ASCII
      string: "{\"is_error\":0,\"version\":3,\"count\":0,\"values\":[]}"
    http_version: 
  recorded_at: Tue, 03 Sep 2013 19:00:49 GMT
- request: 
    method: get
    uri: https://stagehub.p2c.com/sites/all/modules/civicrm/extern/rest.php/civicrm/extern/rest.php?action=get&activity_type_id=32&api_key=676c3fcae94c0a6c452417a11b2b7c11&campaign_id=2&entity=CustomSurveyFields&json=1&key=382adce875611f9b75d294b83a77a5f2&rowCount=100&survey_id=2
    body: 
      encoding: US-ASCII
      string: ""
    headers: 
      Accept: 
      - "*/*; q=0.5, application/xml"
      Accept-Encoding: 
      - gzip, deflate
      User-Agent: 
      - CiviCrm RubyClient/1.0.1
  response: 
    status: 
      code: 200
      message: OK
    headers: 
      Date: 
      - Tue, 03 Sep 2013 19:02:50 GMT
      Server: 
      - Apache/2.2.22 (Ubuntu)
      X-Powered-By: 
      - PHP/5.4.6-1ubuntu1.2
      X-Drupal-Cache: 
      - MISS
      Expires: 
      - Sun, 19 Nov 1978 05:00:00 GMT
      Last-Modified: 
      - Tue, 03 Sep 2013 19:02:50 +0000
      Cache-Control: 
      - no-cache, must-revalidate, post-check=0, pre-check=0
      Etag: 
      - "\"1378234970\""
      Content-Length: 
      - "48"
      Content-Type: 
      - text/javascript
    body: 
      encoding: US-ASCII
      string: "{\"is_error\":0,\"version\":3,\"count\":0,\"values\":[]}"
    http_version: 
  recorded_at: Tue, 03 Sep 2013 19:00:49 GMT
- request: 
    method: get
    uri: https://stagehub.p2c.com/sites/all/modules/civicrm/extern/rest.php/civicrm/extern/rest.php?action=get&activity_type_id=32&api_key=676c3fcae94c0a6c452417a11b2b7c11&campaign_id=2&entities=target_contact,relationships&entity=PtcActivityQuery&json=1&key=382adce875611f9b75d294b83a77a5f2&rowCount=100&source_record_id=2&target_contact_relationship_type_id=10
    body: 
      encoding: US-ASCII
      string: ""
    headers: 
      Accept: 
      - "*/*; q=0.5, application/xml"
      Accept-Encoding: 
      - gzip, deflate
      User-Agent: 
      - CiviCrm RubyClient/1.0.1
  response: 
    status: 
      code: 200
      message: OK
    headers: 
      Date: 
      - Tue, 03 Sep 2013 19:02:50 GMT
      Server: 
      - Apache/2.2.22 (Ubuntu)
      X-Powered-By: 
      - PHP/5.4.6-1ubuntu1.2
      X-Drupal-Cache: 
      - MISS
      Expires: 
      - Sun, 19 Nov 1978 05:00:00 GMT
      Last-Modified: 
      - Tue, 03 Sep 2013 19:02:50 +0000
      Cache-Control: 
      - no-cache, must-revalidate, post-check=0, pre-check=0
      Etag: 
      - "\"1378234970\""
      Content-Length: 
      - "48"
      Content-Type: 
      - text/javascript
    body: 
      encoding: US-ASCII
      string: "{\"is_error\":0,\"version\":3,\"count\":0,\"values\":[]}"
    http_version: 
  recorded_at: Tue, 03 Sep 2013 19:00:51 GMT
- request: 
    method: get
    uri: https://stagehub.p2c.com/sites/all/modules/civicrm/extern/rest.php/civicrm/extern/rest.php?action=get&activity_type_id=32&api_key=676c3fcae94c0a6c452417a11b2b7c11&campaign_id=2&entity=CustomSurveyFields&json=1&key=382adce875611f9b75d294b83a77a5f2&rowCount=100&survey_id=2
    body: 
      encoding: US-ASCII
      string: ""
    headers: 
      Accept: 
      - "*/*; q=0.5, application/xml"
      Accept-Encoding: 
      - gzip, deflate
      User-Agent: 
      - CiviCrm RubyClient/1.0.1
  response: 
    status: 
      code: 200
      message: OK
    headers: 
      Date: 
      - Tue, 03 Sep 2013 19:02:52 GMT
      Server: 
      - Apache/2.2.22 (Ubuntu)
      X-Powered-By: 
      - PHP/5.4.6-1ubuntu1.2
      X-Drupal-Cache: 
      - MISS
      Expires: 
      - Sun, 19 Nov 1978 05:00:00 GMT
      Last-Modified: 
      - Tue, 03 Sep 2013 19:02:52 +0000
      Cache-Control: 
      - no-cache, must-revalidate, post-check=0, pre-check=0
      Etag: 
      - "\"1378234972\""
      Content-Length: 
      - "48"
      Content-Type: 
      - text/javascript
    body: 
      encoding: US-ASCII
      string: "{\"is_error\":0,\"version\":3,\"count\":0,\"values\":[]}"
    http_version: 
  recorded_at: Tue, 03 Sep 2013 19:00:51 GMT
- request: 
    method: get
    uri: https://stagehub.p2c.com/sites/all/modules/civicrm/extern/rest.php/civicrm/extern/rest.php?action=get&activity_type_id=32&api_key=676c3fcae94c0a6c452417a11b2b7c11&campaign_id=2&entities=target_contact,relationships&entity=PtcActivityQuery&json=1&key=382adce875611f9b75d294b83a77a5f2&rowCount=100&source_record_id=2&target_contact_relationship_type_id=10
    body: 
      encoding: US-ASCII
      string: ""
    headers: 
      Accept: 
      - "*/*; q=0.5, application/xml"
      Accept-Encoding: 
      - gzip, deflate
      User-Agent: 
      - CiviCrm RubyClient/1.0.1
  response: 
    status: 
      code: 200
      message: OK
    headers: 
      Date: 
      - Tue, 03 Sep 2013 19:02:52 GMT
      Server: 
      - Apache/2.2.22 (Ubuntu)
      X-Powered-By: 
      - PHP/5.4.6-1ubuntu1.2
      X-Drupal-Cache: 
      - MISS
      Expires: 
      - Sun, 19 Nov 1978 05:00:00 GMT
      Last-Modified: 
      - Tue, 03 Sep 2013 19:02:52 +0000
      Cache-Control: 
      - no-cache, must-revalidate, post-check=0, pre-check=0
      Etag: 
      - "\"1378234972\""
      Content-Length: 
      - "48"
      Content-Type: 
      - text/javascript
    body: 
      encoding: US-ASCII
      string: "{\"is_error\":0,\"version\":3,\"count\":0,\"values\":[]}"
    http_version: 
  recorded_at: Tue, 03 Sep 2013 19:00:53 GMT
recorded_with: VCR 2.5.0
